22:02:18 **** Incremental Build of configuration Debug for project BDS5_OSC ****
make -j12 all 
arm-none-eabi-gcc "../Core/Src/main.c" -mcpu=cortex-m4 -std=gnu11 -g3 -DDEBUG -DUSE_HAL_DRIVER -DSTM32F407xx -DARM_MATH_CM4 -D__TARGET_FPU_VFP -c -I../Core/Inc -I../Drivers/STM32F4xx_HAL_Driver/Inc -I../Drivers/STM32F4xx_HAL_Driver/Inc/Legacy -I../Drivers/CMSIS/Device/ST/STM32F4xx/Include -I../Drivers/CMSIS/Include -I../Drivers/DSP -I../Drivers/DSP/Include -I../Drivers/ADS8688/Inc -I../Drivers/TFT_Driver/Inc -I../Drivers/LCDandTOUCH/Inc -O0 -ffunction-sections -fdata-sections -Wall -fstack-usage -MMD -MP -MF"Core/Src/main.d" -MT"Core/Src/main.o" --specs=nano.specs -mfpu=fpv4-sp-d16 -mfloat-abi=hard -mthumb -o "Core/Src/main.o"
../Core/Src/main.c:66:102: warning: unsigned conversion from 'int' to 'unsigned char' changes value from '12543' to '255' [-Woverflow]
   66 | uint8_t ch1_freq_tft[20]={0xEE,0xB1,0x10,0x00,0x00,0x00,0x0A,0x30,0x30,0x30,0x30,0x2E,0x30,0x30,0x30,0x30FF,0xFC,0xFF,0xFF};
      |                                                                                                      ^~~~~~
../Core/Src/main.c:67:101: warning: unsigned conversion from 'int' to 'unsigned char' changes value from '12543' to '255' [-Woverflow]
   67 | uint8_t ch1_vpp_tft[20]={0xEE,0xB1,0x10,0x00,0x00,0x00,0x15,0x30,0x30,0x30,0x30,0x2E,0x30,0x30,0x30,0x30FF,0xFC,0xFF,0xFF};
      |                                                                                                     ^~~~~~
../Core/Src/main.c:68:101: warning: unsigned conversion from 'int' to 'unsigned char' changes value from '12543' to '255' [-Woverflow]
   68 | uint8_t ch1_avg_tft[20]={0xEE,0xB1,0x10,0x00,0x00,0x00,0x16,0x30,0x30,0x30,0x30,0x2E,0x30,0x30,0x30,0x30FF,0xFC,0xFF,0xFF};
      |                                                                                                     ^~~~~~
../Core/Src/main.c:70:102: warning: unsigned conversion from 'int' to 'unsigned char' changes value from '12543' to '255' [-Woverflow]
   70 | uint8_t ch2_freq_tft[20]={0xEE,0xB1,0x10,0x00,0x00,0x00,0x17,0x30,0x30,0x30,0x30,0x2E,0x30,0x30,0x30,0x30FF,0xFC,0xFF,0xFF};
      |                                                                                                      ^~~~~~
../Core/Src/main.c:71:101: warning: unsigned conversion from 'int' to 'unsigned char' changes value from '12543' to '255' [-Woverflow]
   71 | uint8_t ch2_vpp_tft[20]={0xEE,0xB1,0x10,0x00,0x00,0x00,0x18,0x30,0x30,0x30,0x30,0x2E,0x30,0x30,0x30,0x30FF,0xFC,0xFF,0xFF};
      |                                                                                                     ^~~~~~
../Core/Src/main.c:72:101: warning: unsigned conversion from 'int' to 'unsigned char' changes value from '12543' to '255' [-Woverflow]
   72 | uint8_t ch2_avg_tft[20]={0xEE,0xB1,0x10,0x00,0x00,0x00,0x19,0x30,0x30,0x30,0x30,0x2E,0x30,0x30,0x30,0x30FF,0xFC,0xFF,0xFF};
      |                                                                                                     ^~~~~~
../Core/Src/main.c: In function 'FinishCount':
../Core/Src/main.c:345:10: warning: pointer targets in passing argument 1 of 'sprintf' differ in signedness [-Wpointer-sign]
  345 |  sprintf(&ch1_freq_tft[7],"%.3f",84000000.0/ch1_period);
      |          ^~~~~~~~~~~~~~~~
      |          |
      |          uint8_t * {aka unsigned char *}
In file included from ../Core/Src/main.c:31:
g:\cubeide\stm32cubeide_1.6.1\stm32cubeide\plugins\com.st.stm32cube.ide.mcu.externaltools.gnu-tools-for-stm32.9-2020-q2-update.win32_1.5.0.202011040924\tools\arm-none-eabi\include\stdio.h:244:14: note: expected 'char * restrict' but argument is of type 'uint8_t *' {aka 'unsigned char *'}
  244 | int sprintf (char *__restrict, const char *__restrict, ...)
      |              ^
../Core/Src/main.c:346:10: warning: pointer targets in passing argument 1 of 'sprintf' differ in signedness [-Wpointer-sign]
  346 |  sprintf(&ch2_freq_tft[7],"%.3f",84000000.0/ch2_period);
      |          ^~~~~~~~~~~~~~~~
      |          |
      |          uint8_t * {aka unsigned char *}
In file included from ../Core/Src/main.c:31:
g:\cubeide\stm32cubeide_1.6.1\stm32cubeide\plugins\com.st.stm32cube.ide.mcu.externaltools.gnu-tools-for-stm32.9-2020-q2-update.win32_1.5.0.202011040924\tools\arm-none-eabi\include\stdio.h:244:14: note: expected 'char * restrict' but argument is of type 'uint8_t *' {aka 'unsigned char *'}
  244 | int sprintf (char *__restrict, const char *__restrict, ...)
      |              ^
../Core/Src/main.c:350:10: warning: pointer targets in passing argument 1 of 'sprintf' differ in signedness [-Wpointer-sign]
  350 |  sprintf(&ch1_vpp_tft[7],"%.5f",ch1Vpp);
      |          ^~~~~~~~~~~~~~~
      |          |
      |          uint8_t * {aka unsigned char *}
In file included from ../Core/Src/main.c:31:
g:\cubeide\stm32cubeide_1.6.1\stm32cubeide\plugins\com.st.stm32cube.ide.mcu.externaltools.gnu-tools-for-stm32.9-2020-q2-update.win32_1.5.0.202011040924\tools\arm-none-eabi\include\stdio.h:244:14: note: expected 'char * restrict' but argument is of type 'uint8_t *' {aka 'unsigned char *'}
  244 | int sprintf (char *__restrict, const char *__restrict, ...)
      |              ^
../Core/Src/main.c:351:10: warning: pointer targets in passing argument 1 of 'sprintf' differ in signedness [-Wpointer-sign]
  351 |  sprintf(&ch2_vpp_tft[7],"%.5f",ch2Vpp);
      |          ^~~~~~~~~~~~~~~
      |          |
      |          uint8_t * {aka unsigned char *}
In file included from ../Core/Src/main.c:31:
g:\cubeide\stm32cubeide_1.6.1\stm32cubeide\plugins\com.st.stm32cube.ide.mcu.externaltools.gnu-tools-for-stm32.9-2020-q2-update.win32_1.5.0.202011040924\tools\arm-none-eabi\include\stdio.h:244:14: note: expected 'char * restrict' but argument is of type 'uint8_t *' {aka 'unsigned char *'}
  244 | int sprintf (char *__restrict, const char *__restrict, ...)
      |              ^
../Core/Src/main.c: In function 'Dosomething':
../Core/Src/main.c:488:1: warning: control reaches end of non-void function [-Wreturn-type]
  488 | }
      | ^
arm-none-eabi-gcc -o "BDS5_OSC.elf" @"objects.list"   -mcpu=cortex-m4 -T"G:\CubeProject\BDS5_OSC\STM32F407ZGTX_FLASH.ld" --specs=nosys.specs -Wl,-Map="BDS5_OSC.map" -Wl,--gc-sections -static "G:\CubeProject\BDS5_OSC\Drivers\DSP\libarm_cortexM4lf_math.a" --specs=nano.specs -mfpu=fpv4-sp-d16 -mfloat-abi=hard -mthumb -u _printf_float -u _scanf_float -Wl,--start-group -lc -lm -Wl,--end-group
Finished building target: BDS5_OSC.elf
 
arm-none-eabi-objdump -h -S  BDS5_OSC.elf  > "BDS5_OSC.list"
arm-none-eabi-objcopy  -O binary  BDS5_OSC.elf  "BDS5_OSC.bin"
arm-none-eabi-size   BDS5_OSC.elf 
   text	   data	    bss	    dec	    hex	filename
  47804	   1564	   4700	  54068	   d334	BDS5_OSC.elf
Finished building: default.size.stdout
 
Finished building: BDS5_OSC.bin
 
Finished building: BDS5_OSC.list
 

22:02:20 Build Finished. 0 errors, 11 warnings. (took 1s.737ms)

