22:49:29 **** Incremental Build of configuration Debug for project diansai_19_C ****
make -j12 all 
arm-none-eabi-gcc "../Core/Src/workman.c" -mcpu=cortex-m4 -std=gnu11 -g3 -DDEBUG '-D__FPU_PRESENT = 1U' -D__TARGET_FPU_VFP -DARM_MATH_CM4 -DUSE_HAL_DRIVER -DSTM32F407xx -c -I../Core/Inc -I../Drivers/DSP/Inc -I../Drivers/STM32F4xx_HAL_Driver/Inc -I../Drivers/STM32F4xx_HAL_Driver/Inc/Legacy -I../Drivers/CMSIS/Device/ST/STM32F4xx/Include -I../Drivers/CMSIS/Include -O0 -ffunction-sections -fdata-sections -Wall -fstack-usage -MMD -MP -MF"Core/Src/workman.d" -MT"Core/Src/workman.o" --specs=nano.specs -mfpu=fpv4-sp-d16 -mfloat-abi=hard -mthumb -o "Core/Src/workman.o"
../Core/Src/workman.c: In function 'DosomethingTim1':
../Core/Src/workman.c:44:15: warning: passing argument 1 of 'arm_copy_f32' from incompatible pointer type [-Wincompatible-pointer-types]
   44 |  arm_copy_f32(&dataCh1, &bufCh1, 1024);
      |               ^~~~~~~~
      |               |
      |               float (*)[1024]
In file included from ../Core/Inc/main.h:37,
                 from ../Core/Inc/workman.h:4,
                 from ../Core/Src/workman.c:1:
../Drivers/DSP/Inc/arm_math.h:2801:15: note: expected 'float32_t *' {aka 'float *'} but argument is of type 'float (*)[1024]'
 2801 |   float32_t * pSrc,
      |   ~~~~~~~~~~~~^~~~
../Core/Src/workman.c:44:25: warning: passing argument 2 of 'arm_copy_f32' from incompatible pointer type [-Wincompatible-pointer-types]
   44 |  arm_copy_f32(&dataCh1, &bufCh1, 1024);
      |                         ^~~~~~~
      |                         |
      |                         float (*)[1024]
In file included from ../Core/Inc/main.h:37,
                 from ../Core/Inc/workman.h:4,
                 from ../Core/Src/workman.c:1:
../Drivers/DSP/Inc/arm_math.h:2802:15: note: expected 'float32_t *' {aka 'float *'} but argument is of type 'float (*)[1024]'
 2802 |   float32_t * pDst,
      |   ~~~~~~~~~~~~^~~~
../Core/Src/workman.c:45:15: warning: passing argument 1 of 'arm_copy_f32' from incompatible pointer type [-Wincompatible-pointer-types]
   45 |  arm_copy_f32(&dataCh2, &bufCh2, 1024);
      |               ^~~~~~~~
      |               |
      |               float (*)[1024]
In file included from ../Core/Inc/main.h:37,
                 from ../Core/Inc/workman.h:4,
                 from ../Core/Src/workman.c:1:
../Drivers/DSP/Inc/arm_math.h:2801:15: note: expected 'float32_t *' {aka 'float *'} but argument is of type 'float (*)[1024]'
 2801 |   float32_t * pSrc,
      |   ~~~~~~~~~~~~^~~~
../Core/Src/workman.c:45:25: warning: passing argument 2 of 'arm_copy_f32' from incompatible pointer type [-Wincompatible-pointer-types]
   45 |  arm_copy_f32(&dataCh2, &bufCh2, 1024);
      |                         ^~~~~~~
      |                         |
      |                         float (*)[1024]
In file included from ../Core/Inc/main.h:37,
                 from ../Core/Inc/workman.h:4,
                 from ../Core/Src/workman.c:1:
../Drivers/DSP/Inc/arm_math.h:2802:15: note: expected 'float32_t *' {aka 'float *'} but argument is of type 'float (*)[1024]'
 2802 |   float32_t * pDst,
      |   ~~~~~~~~~~~~^~~~
arm-none-eabi-gcc -o "diansai_19_C.elf" @"objects.list"   -mcpu=cortex-m4 -T"G:\CubeProject\diansai_19_C\STM32F407ZGTX_FLASH.ld" --specs=nosys.specs -Wl,-Map="diansai_19_C.map" -Wl,--gc-sections -static --specs=nano.specs -mfpu=fpv4-sp-d16 -mfloat-abi=hard -mthumb -Wl,--start-group -lc -lm -Wl,--end-group
Finished building target: diansai_19_C.elf
 
arm-none-eabi-objdump -h -S  diansai_19_C.elf  > "diansai_19_C.list"
arm-none-eabi-objcopy  -O binary  diansai_19_C.elf  "diansai_19_C.bin"
arm-none-eabi-size   diansai_19_C.elf 
   text	   data	    bss	    dec	    hex	filename
 108676	     84	  10084	 118844	  1d03c	diansai_19_C.elf
Finished building: default.size.stdout
Finished building: diansai_19_C.bin
 
Finished building: diansai_19_C.list
 
 
22:49:40 **** Incremental Build of configuration Debug for project diansai_19_C ****
make -j12 all 
arm-none-eabi-size   diansai_19_C.elf 
   text	   data	    bss	    dec	    hex	filename
 108676	     84	  10084	 118844	  1d03c	diansai_19_C.elf
Finished building: default.size.stdout
 
22:56:32 **** Incremental Build of configuration Debug for project diansai_19_C ****
make -j12 all 
arm-none-eabi-gcc "../Core/Src/workman.c" -mcpu=cortex-m4 -std=gnu11 -g3 -DDEBUG '-D__FPU_PRESENT = 1U' -D__TARGET_FPU_VFP -DARM_MATH_CM4 -DUSE_HAL_DRIVER -DSTM32F407xx -c -I../Core/Inc -I../Drivers/DSP/Inc -I../Drivers/STM32F4xx_HAL_Driver/Inc -I../Drivers/STM32F4xx_HAL_Driver/Inc/Legacy -I../Drivers/CMSIS/Device/ST/STM32F4xx/Include -I../Drivers/CMSIS/Include -O0 -ffunction-sections -fdata-sections -Wall -fstack-usage -MMD -MP -MF"Core/Src/workman.d" -MT"Core/Src/workman.o" --specs=nano.specs -mfpu=fpv4-sp-d16 -mfloat-abi=hard -mthumb -o "Core/Src/workman.o"
../Core/Src/workman.c: In function 'DosomethingTim1':
../Core/Src/workman.c:45:15: warning: passing argument 1 of 'arm_copy_f32' from incompatible pointer type [-Wincompatible-pointer-types]
   45 |  arm_copy_f32(&dataCh1, &bufCh1, 1024);
      |               ^~~~~~~~
      |               |
      |               float (*)[1024]
In file included from ../Core/Inc/main.h:37,
                 from ../Core/Inc/workman.h:4,
                 from ../Core/Src/workman.c:1:
../Drivers/DSP/Inc/arm_math.h:2801:15: note: expected 'float32_t *' {aka 'float *'} but argument is of type 'float (*)[1024]'
 2801 |   float32_t * pSrc,
      |   ~~~~~~~~~~~~^~~~
../Core/Src/workman.c:45:25: warning: passing argument 2 of 'arm_copy_f32' from incompatible pointer type [-Wincompatible-pointer-types]
   45 |  arm_copy_f32(&dataCh1, &bufCh1, 1024);
      |                         ^~~~~~~
      |                         |
      |                         float (*)[1024]
In file included from ../Core/Inc/main.h:37,
                 from ../Core/Inc/workman.h:4,
                 from ../Core/Src/workman.c:1:
../Drivers/DSP/Inc/arm_math.h:2802:15: note: expected 'float32_t *' {aka 'float *'} but argument is of type 'float (*)[1024]'
 2802 |   float32_t * pDst,
      |   ~~~~~~~~~~~~^~~~
../Core/Src/workman.c:46:15: warning: passing argument 1 of 'arm_copy_f32' from incompatible pointer type [-Wincompatible-pointer-types]
   46 |  arm_copy_f32(&dataCh2, &bufCh2, 1024);
      |               ^~~~~~~~
      |               |
      |               float (*)[1024]
In file included from ../Core/Inc/main.h:37,
                 from ../Core/Inc/workman.h:4,
                 from ../Core/Src/workman.c:1:
../Drivers/DSP/Inc/arm_math.h:2801:15: note: expected 'float32_t *' {aka 'float *'} but argument is of type 'float (*)[1024]'
 2801 |   float32_t * pSrc,
      |   ~~~~~~~~~~~~^~~~
../Core/Src/workman.c:46:25: warning: passing argument 2 of 'arm_copy_f32' from incompatible pointer type [-Wincompatible-pointer-types]
   46 |  arm_copy_f32(&dataCh2, &bufCh2, 1024);
      |                         ^~~~~~~
      |                         |
      |                         float (*)[1024]
In file included from ../Core/Inc/main.h:37,
                 from ../Core/Inc/workman.h:4,
                 from ../Core/Src/workman.c:1:
../Drivers/DSP/Inc/arm_math.h:2802:15: note: expected 'float32_t *' {aka 'float *'} but argument is of type 'float (*)[1024]'
 2802 |   float32_t * pDst,
      |   ~~~~~~~~~~~~^~~~
arm-none-eabi-gcc -o "diansai_19_C.elf" @"objects.list"   -mcpu=cortex-m4 -T"G:\CubeProject\diansai_19_C\STM32F407ZGTX_FLASH.ld" --specs=nosys.specs -Wl,-Map="diansai_19_C.map" -Wl,--gc-sections -static --specs=nano.specs -mfpu=fpv4-sp-d16 -mfloat-abi=hard -mthumb -Wl,--start-group -lc -lm -Wl,--end-group
Finished building target: diansai_19_C.elf
 
arm-none-eabi-objdump -h -S  diansai_19_C.elf  > "diansai_19_C.list"
arm-none-eabi-objcopy  -O binary  diansai_19_C.elf  "diansai_19_C.bin"
arm-none-eabi-size   diansai_19_C.elf 
   text	   data	    bss	    dec	    hex	filename
 108896	     84	  10084	 119064	  1d118	diansai_19_C.elf
Finished building: default.size.stdout
Finished building: diansai_19_C.bin
 
 
Finished building: diansai_19_C.list
 
22:57:03 **** Incremental Build of configuration Debug for project diansai_19_C ****
make -j12 all 
arm-none-eabi-size   diansai_19_C.elf 
   text	   data	    bss	    dec	    hex	filename
 108896	     84	  10084	 119064	  1d118	diansai_19_C.elf
Finished building: default.size.stdout
 
23:04:06 **** Incremental Build of configuration Debug for project diansai_19_C ****
make -j12 all 
arm-none-eabi-gcc "../Core/Src/main.c" -mcpu=cortex-m4 -std=gnu11 -g3 -DDEBUG '-D__FPU_PRESENT = 1U' -D__TARGET_FPU_VFP -DARM_MATH_CM4 -DUSE_HAL_DRIVER -DSTM32F407xx -c -I../Core/Inc -I../Drivers/DSP/Inc -I../Drivers/STM32F4xx_HAL_Driver/Inc -I../Drivers/STM32F4xx_HAL_Driver/Inc/Legacy -I../Drivers/CMSIS/Device/ST/STM32F4xx/Include -I../Drivers/CMSIS/Include -O0 -ffunction-sections -fdata-sections -Wall -fstack-usage -MMD -MP -MF"Core/Src/main.d" -MT"Core/Src/main.o" --specs=nano.specs -mfpu=fpv4-sp-d16 -mfloat-abi=hard -mthumb -o "Core/Src/main.o"
../Core/Src/main.c: In function 'main':
../Core/Src/main.c:101:3: warning: implicit declaration of function 'Init_AD9959' [-Wimplicit-function-declaration]
  101 |   Init_AD9959();
      |   ^~~~~~~~~~~
arm-none-eabi-gcc -o "diansai_19_C.elf" @"objects.list"   -mcpu=cortex-m4 -T"G:\CubeProject\diansai_19_C\STM32F407ZGTX_FLASH.ld" --specs=nosys.specs -Wl,-Map="diansai_19_C.map" -Wl,--gc-sections -static --specs=nano.specs -mfpu=fpv4-sp-d16 -mfloat-abi=hard -mthumb -Wl,--start-group -lc -lm -Wl,--end-group
Finished building target: diansai_19_C.elf
 
arm-none-eabi-objdump -h -S  diansai_19_C.elf  > "diansai_19_C.list"
arm-none-eabi-objcopy  -O binary  diansai_19_C.elf  "diansai_19_C.bin"
arm-none-eabi-size   diansai_19_C.elf 
   text	   data	    bss	    dec	    hex	filename
 108904	     84	  10084	 119072	  1d120	diansai_19_C.elf
Finished building: default.size.stdout
 
Finished building: diansai_19_C.bin
Finished building: diansai_19_C.list
 
 
23:18:43 **** Incremental Build of configuration Debug for project diansai_19_C ****
make -j12 all 
arm-none-eabi-gcc "../Core/Src/workman.c" -mcpu=cortex-m4 -std=gnu11 -g3 -DDEBUG '-D__FPU_PRESENT = 1U' -D__TARGET_FPU_VFP -DARM_MATH_CM4 -DUSE_HAL_DRIVER -DSTM32F407xx -c -I../Core/Inc -I../Drivers/DSP/Inc -I../Drivers/STM32F4xx_HAL_Driver/Inc -I../Drivers/STM32F4xx_HAL_Driver/Inc/Legacy -I../Drivers/CMSIS/Device/ST/STM32F4xx/Include -I../Drivers/CMSIS/Include -O0 -ffunction-sections -fdata-sections -Wall -fstack-usage -MMD -MP -MF"Core/Src/workman.d" -MT"Core/Src/workman.o" --specs=nano.specs -mfpu=fpv4-sp-d16 -mfloat-abi=hard -mthumb -o "Core/Src/workman.o"
../Core/Src/workman.c: In function 'DosomethingTim1':
../Core/Src/workman.c:45:15: warning: passing argument 1 of 'arm_copy_f32' from incompatible pointer type [-Wincompatible-pointer-types]
   45 |  arm_copy_f32(&dataCh1, &bufCh1, 1024);
      |               ^~~~~~~~
      |               |
      |               float (*)[1024]
In file included from ../Core/Inc/main.h:37,
                 from ../Core/Inc/workman.h:4,
                 from ../Core/Src/workman.c:1:
../Drivers/DSP/Inc/arm_math.h:2801:15: note: expected 'float32_t *' {aka 'float *'} but argument is of type 'float (*)[1024]'
 2801 |   float32_t * pSrc,
      |   ~~~~~~~~~~~~^~~~
../Core/Src/workman.c:45:25: warning: passing argument 2 of 'arm_copy_f32' from incompatible pointer type [-Wincompatible-pointer-types]
   45 |  arm_copy_f32(&dataCh1, &bufCh1, 1024);
      |                         ^~~~~~~
      |                         |
      |                         float (*)[1024]
In file included from ../Core/Inc/main.h:37,
                 from ../Core/Inc/workman.h:4,
                 from ../Core/Src/workman.c:1:
../Drivers/DSP/Inc/arm_math.h:2802:15: note: expected 'float32_t *' {aka 'float *'} but argument is of type 'float (*)[1024]'
 2802 |   float32_t * pDst,
      |   ~~~~~~~~~~~~^~~~
../Core/Src/workman.c:46:15: warning: passing argument 1 of 'arm_copy_f32' from incompatible pointer type [-Wincompatible-pointer-types]
   46 |  arm_copy_f32(&dataCh2, &bufCh2, 1024);
      |               ^~~~~~~~
      |               |
      |               float (*)[1024]
In file included from ../Core/Inc/main.h:37,
                 from ../Core/Inc/workman.h:4,
                 from ../Core/Src/workman.c:1:
../Drivers/DSP/Inc/arm_math.h:2801:15: note: expected 'float32_t *' {aka 'float *'} but argument is of type 'float (*)[1024]'
 2801 |   float32_t * pSrc,
      |   ~~~~~~~~~~~~^~~~
../Core/Src/workman.c:46:25: warning: passing argument 2 of 'arm_copy_f32' from incompatible pointer type [-Wincompatible-pointer-types]
   46 |  arm_copy_f32(&dataCh2, &bufCh2, 1024);
      |                         ^~~~~~~
      |                         |
      |                         float (*)[1024]
In file included from ../Core/Inc/main.h:37,
                 from ../Core/Inc/workman.h:4,
                 from ../Core/Src/workman.c:1:
../Drivers/DSP/Inc/arm_math.h:2802:15: note: expected 'float32_t *' {aka 'float *'} but argument is of type 'float (*)[1024]'
 2802 |   float32_t * pDst,
      |   ~~~~~~~~~~~~^~~~
arm-none-eabi-gcc -o "diansai_19_C.elf" @"objects.list"   -mcpu=cortex-m4 -T"G:\CubeProject\diansai_19_C\STM32F407ZGTX_FLASH.ld" --specs=nosys.specs -Wl,-Map="diansai_19_C.map" -Wl,--gc-sections -static --specs=nano.specs -mfpu=fpv4-sp-d16 -mfloat-abi=hard -mthumb -Wl,--start-group -lc -lm -Wl,--end-group
Finished building target: diansai_19_C.elf
 
arm-none-eabi-objdump -h -S  diansai_19_C.elf  > "diansai_19_C.list"
arm-none-eabi-objcopy  -O binary  diansai_19_C.elf  "diansai_19_C.bin"
arm-none-eabi-size   diansai_19_C.elf 
   text	   data	    bss	    dec	    hex	filename
 108916	     84	  10084	 119084	  1d12c	diansai_19_C.elf
Finished building: default.size.stdout
 
Finished building: diansai_19_C.bin
Finished building: diansai_19_C.list
 
 
00:02:41 **** Incremental Build of configuration Debug for project diansai_19_C ****
make -j12 all 
arm-none-eabi-gcc "../Core/Src/ad9959.c" -mcpu=cortex-m4 -std=gnu11 -g3 -DDEBUG '-D__FPU_PRESENT = 1U' -D__TARGET_FPU_VFP -DARM_MATH_CM4 -DUSE_HAL_DRIVER -DSTM32F407xx -c -I../Core/Inc -I../Drivers/DSP/Inc -I../Drivers/STM32F4xx_HAL_Driver/Inc -I../Drivers/STM32F4xx_HAL_Driver/Inc/Legacy -I../Drivers/CMSIS/Device/ST/STM32F4xx/Include -I../Drivers/CMSIS/Include -O0 -ffunction-sections -fdata-sections -Wall -fstack-usage -MMD -MP -MF"Core/Src/ad9959.d" -MT"Core/Src/ad9959.o" --specs=nano.specs -mfpu=fpv4-sp-d16 -mfloat-abi=hard -mthumb -o "Core/Src/ad9959.o"
arm-none-eabi-gcc "../Core/Src/main.c" -mcpu=cortex-m4 -std=gnu11 -g3 -DDEBUG '-D__FPU_PRESENT = 1U' -D__TARGET_FPU_VFP -DARM_MATH_CM4 -DUSE_HAL_DRIVER -DSTM32F407xx -c -I../Core/Inc -I../Drivers/DSP/Inc -I../Drivers/STM32F4xx_HAL_Driver/Inc -I../Drivers/STM32F4xx_HAL_Driver/Inc/Legacy -I../Drivers/CMSIS/Device/ST/STM32F4xx/Include -I../Drivers/CMSIS/Include -O0 -ffunction-sections -fdata-sections -Wall -fstack-usage -MMD -MP -MF"Core/Src/main.d" -MT"Core/Src/main.o" --specs=nano.specs -mfpu=fpv4-sp-d16 -mfloat-abi=hard -mthumb -o "Core/Src/main.o"
arm-none-eabi-gcc "../Core/Src/outputdata.c" -mcpu=cortex-m4 -std=gnu11 -g3 -DDEBUG '-D__FPU_PRESENT = 1U' -D__TARGET_FPU_VFP -DARM_MATH_CM4 -DUSE_HAL_DRIVER -DSTM32F407xx -c -I../Core/Inc -I../Drivers/DSP/Inc -I../Drivers/STM32F4xx_HAL_Driver/Inc -I../Drivers/STM32F4xx_HAL_Driver/Inc/Legacy -I../Drivers/CMSIS/Device/ST/STM32F4xx/Include -I../Drivers/CMSIS/Include -O0 -ffunction-sections -fdata-sections -Wall -fstack-usage -MMD -MP -MF"Core/Src/outputdata.d" -MT"Core/Src/outputdata.o" --specs=nano.specs -mfpu=fpv4-sp-d16 -mfloat-abi=hard -mthumb -o "Core/Src/outputdata.o"
arm-none-eabi-gcc "../Core/Src/stm32f4xx_hal_msp.c" -mcpu=cortex-m4 -std=gnu11 -g3 -DDEBUG '-D__FPU_PRESENT = 1U' -D__TARGET_FPU_VFP -DARM_MATH_CM4 -DUSE_HAL_DRIVER -DSTM32F407xx -c -I../Core/Inc -I../Drivers/DSP/Inc -I../Drivers/STM32F4xx_HAL_Driver/Inc -I../Drivers/STM32F4xx_HAL_Driver/Inc/Legacy -I../Drivers/CMSIS/Device/ST/STM32F4xx/Include -I../Drivers/CMSIS/Include -O0 -ffunction-sections -fdata-sections -Wall -fstack-usage -MMD -MP -MF"Core/Src/stm32f4xx_hal_msp.d" -MT"Core/Src/stm32f4xx_hal_msp.o" --specs=nano.specs -mfpu=fpv4-sp-d16 -mfloat-abi=hard -mthumb -o "Core/Src/stm32f4xx_hal_msp.o"
arm-none-eabi-gcc "../Core/Src/stm32f4xx_it.c" -mcpu=cortex-m4 -std=gnu11 -g3 -DDEBUG '-D__FPU_PRESENT = 1U' -D__TARGET_FPU_VFP -DARM_MATH_CM4 -DUSE_HAL_DRIVER -DSTM32F407xx -c -I../Core/Inc -I../Drivers/DSP/Inc -I../Drivers/STM32F4xx_HAL_Driver/Inc -I../Drivers/STM32F4xx_HAL_Driver/Inc/Legacy -I../Drivers/CMSIS/Device/ST/STM32F4xx/Include -I../Drivers/CMSIS/Include -O0 -ffunction-sections -fdata-sections -Wall -fstack-usage -MMD -MP -MF"Core/Src/stm32f4xx_it.d" -MT"Core/Src/stm32f4xx_it.o" --specs=nano.specs -mfpu=fpv4-sp-d16 -mfloat-abi=hard -mthumb -o "Core/Src/stm32f4xx_it.o"
arm-none-eabi-gcc "../Core/Src/tft.c" -mcpu=cortex-m4 -std=gnu11 -g3 -DDEBUG '-D__FPU_PRESENT = 1U' -D__TARGET_FPU_VFP -DARM_MATH_CM4 -DUSE_HAL_DRIVER -DSTM32F407xx -c -I../Core/Inc -I../Drivers/DSP/Inc -I../Drivers/STM32F4xx_HAL_Driver/Inc -I../Drivers/STM32F4xx_HAL_Driver/Inc/Legacy -I../Drivers/CMSIS/Device/ST/STM32F4xx/Include -I../Drivers/CMSIS/Include -O0 -ffunction-sections -fdata-sections -Wall -fstack-usage -MMD -MP -MF"Core/Src/tft.d" -MT"Core/Src/tft.o" --specs=nano.specs -mfpu=fpv4-sp-d16 -mfloat-abi=hard -mthumb -o "Core/Src/tft.o"
arm-none-eabi-gcc "../Core/Src/workman.c" -mcpu=cortex-m4 -std=gnu11 -g3 -DDEBUG '-D__FPU_PRESENT = 1U' -D__TARGET_FPU_VFP -DARM_MATH_CM4 -DUSE_HAL_DRIVER -DSTM32F407xx -c -I../Core/Inc -I../Drivers/DSP/Inc -I../Drivers/STM32F4xx_HAL_Driver/Inc -I../Drivers/STM32F4xx_HAL_Driver/Inc/Legacy -I../Drivers/CMSIS/Device/ST/STM32F4xx/Include -I../Drivers/CMSIS/Include -O0 -ffunction-sections -fdata-sections -Wall -fstack-usage -MMD -MP -MF"Core/Src/workman.d" -MT"Core/Src/workman.o" --specs=nano.specs -mfpu=fpv4-sp-d16 -mfloat-abi=hard -mthumb -o "Core/Src/workman.o"
../Core/Src/ad9959.c: In function 'Init_AD9959':
../Core/Src/ad9959.c:29:23: warning: unused variable 'GPIO_InitStructure' [-Wunused-variable]
   29 |     GPIO_InitTypeDef  GPIO_InitStructure;
      |                       ^~~~~~~~~~~~~~~~~~
../Core/Src/ad9959.c: In function 'ReadData_9959':
../Core/Src/ad9959.c:176:41: warning: right-hand operand of comma expression has no effect [-Wunused-value]
  176 |     GPIO_InitStructure.Pin =  GPIO_PIN_6,AD9959_SCLK_Pin;
      |                                         ^
../Core/Src/main.c: In function 'main':
../Core/Src/main.c:101:3: warning: implicit declaration of function 'Init_AD9959' [-Wimplicit-function-declaration]
  101 |   Init_AD9959();
      |   ^~~~~~~~~~~
../Core/Src/ad9959.c:213:16: warning: implicit declaration of function 'GPIO_ReadInputDataBit' [-Wimplicit-function-declaration]
  213 |             if(GPIO_ReadInputDataBit(GPIOA, GPIO_PIN_15))
      |                ^~~~~~~~~~~~~~~~~~~~~
../Core/Src/stm32f4xx_it.c: In function 'TIM1_UP_TIM10_IRQHandler':
../Core/Src/stm32f4xx_it.c:213:3: warning: implicit declaration of function 'resTim1' [-Wimplicit-function-declaration]
  213 |   resTim1();
      |   ^~~~~~~
../Core/Src/tft.c: In function 'tft_text_int':
../Core/Src/tft.c:37:10: warning: pointer targets in passing argument 1 of 'sprintf' differ in signedness [-Wpointer-sign]
   37 |  sprintf(body,"%d",num);
      |          ^~~~
      |          |
      |          uint8_t * {aka unsigned char *}
In file included from ../Core/Inc/tft.h:4,
                 from ../Core/Src/tft.c:1:
g:\cubeide\stm32cubeide_1.6.1\stm32cubeide\plugins\com.st.stm32cube.ide.mcu.externaltools.gnu-tools-for-stm32.9-2020-q2-update.win32_1.5.0.202011040924\tools\arm-none-eabi\include\stdio.h:244:14: note: expected 'char * restrict' but argument is of type 'uint8_t *' {aka 'unsigned char *'}
  244 | int sprintf (char *__restrict, const char *__restrict, ...)
      |              ^
../Core/Src/tft.c: In function 'tft_text_float':
../Core/Src/tft.c:55:10: warning: pointer targets in passing argument 1 of 'sprintf' differ in signedness [-Wpointer-sign]
   55 |  sprintf(body,"%.3f",num);
      |          ^~~~
      |          |
      |          uint8_t * {aka unsigned char *}
In file included from ../Core/Inc/tft.h:4,
                 from ../Core/Src/tft.c:1:
g:\cubeide\stm32cubeide_1.6.1\stm32cubeide\plugins\com.st.stm32cube.ide.mcu.externaltools.gnu-tools-for-stm32.9-2020-q2-update.win32_1.5.0.202011040924\tools\arm-none-eabi\include\stdio.h:244:14: note: expected 'char * restrict' but argument is of type 'uint8_t *' {aka 'unsigned char *'}
  244 | int sprintf (char *__restrict, const char *__restrict, ...)
      |              ^
../Core/Src/workman.c: In function 'DosomethingTim1':
../Core/Src/workman.c:81:15: warning: passing argument 1 of 'arm_copy_f32' from incompatible pointer type [-Wincompatible-pointer-types]
   81 |  arm_copy_f32(&dataCh1, &bufCh1, 1024);
      |               ^~~~~~~~
      |               |
      |               float (*)[1024]
In file included from ../Core/Inc/main.h:37,
                 from ../Core/Inc/workman.h:4,
                 from ../Core/Src/workman.c:1:
../Drivers/DSP/Inc/arm_math.h:2801:15: note: expected 'float32_t *' {aka 'float *'} but argument is of type 'float (*)[1024]'
 2801 |   float32_t * pSrc,
      |   ~~~~~~~~~~~~^~~~
../Core/Src/workman.c:81:25: warning: passing argument 2 of 'arm_copy_f32' from incompatible pointer type [-Wincompatible-pointer-types]
   81 |  arm_copy_f32(&dataCh1, &bufCh1, 1024);
      |                         ^~~~~~~
      |                         |
      |                         float (*)[1024]
In file included from ../Core/Inc/main.h:37,
                 from ../Core/Inc/workman.h:4,
                 from ../Core/Src/workman.c:1:
../Drivers/DSP/Inc/arm_math.h:2802:15: note: expected 'float32_t *' {aka 'float *'} but argument is of type 'float (*)[1024]'
 2802 |   float32_t * pDst,
      |   ~~~~~~~~~~~~^~~~
../Core/Src/workman.c:82:15: warning: passing argument 1 of 'arm_copy_f32' from incompatible pointer type [-Wincompatible-pointer-types]
   82 |  arm_copy_f32(&dataCh2, &bufCh2, 1024);
      |               ^~~~~~~~
      |               |
      |               float (*)[1024]
In file included from ../Core/Inc/main.h:37,
                 from ../Core/Inc/workman.h:4,
                 from ../Core/Src/workman.c:1:
../Drivers/DSP/Inc/arm_math.h:2801:15: note: expected 'float32_t *' {aka 'float *'} but argument is of type 'float (*)[1024]'
 2801 |   float32_t * pSrc,
      |   ~~~~~~~~~~~~^~~~
../Core/Src/workman.c:82:25: warning: passing argument 2 of 'arm_copy_f32' from incompatible pointer type [-Wincompatible-pointer-types]
   82 |  arm_copy_f32(&dataCh2, &bufCh2, 1024);
      |                         ^~~~~~~
      |                         |
      |                         float (*)[1024]
In file included from ../Core/Inc/main.h:37,
                 from ../Core/Inc/workman.h:4,
                 from ../Core/Src/workman.c:1:
../Drivers/DSP/Inc/arm_math.h:2802:15: note: expected 'float32_t *' {aka 'float *'} but argument is of type 'float (*)[1024]'
 2802 |   float32_t * pDst,
      |   ~~~~~~~~~~~~^~~~
../Core/Src/workman.c:76:15: warning: variable 'phase2' set but not used [-Wunused-but-set-variable]
   76 |  float phase1,phase2;
      |               ^~~~~~
../Core/Src/workman.c:76:8: warning: variable 'phase1' set but not used [-Wunused-but-set-variable]
   76 |  float phase1,phase2;
      |        ^~~~~~
arm-none-eabi-gcc -o "diansai_19_C.elf" @"objects.list"   -mcpu=cortex-m4 -T"G:\CubeProject\diansai_19_C\STM32F407ZGTX_FLASH.ld" --specs=nosys.specs -Wl,-Map="diansai_19_C.map" -Wl,--gc-sections -static --specs=nano.specs -mfpu=fpv4-sp-d16 -mfloat-abi=hard -mthumb -Wl,--start-group -lc -lm -Wl,--end-group
Finished building target: diansai_19_C.elf
 
arm-none-eabi-objdump -h -S  diansai_19_C.elf  > "diansai_19_C.list"
arm-none-eabi-objcopy  -O binary  diansai_19_C.elf  "diansai_19_C.bin"
arm-none-eabi-size   diansai_19_C.elf 
   text	   data	    bss	    dec	    hex	filename
 110780	     84	  10084	 120948	  1d874	diansai_19_C.elf
Finished building: default.size.stdout
 
Finished building: diansai_19_C.bin
Finished building: diansai_19_C.list
 
 
00:05:33 **** Incremental Build of configuration Debug for project diansai_19_C ****
make -j12 all 
arm-none-eabi-gcc "../Core/Src/workman.c" -mcpu=cortex-m4 -std=gnu11 -g3 -DDEBUG '-D__FPU_PRESENT = 1U' -D__TARGET_FPU_VFP -DARM_MATH_CM4 -DUSE_HAL_DRIVER -DSTM32F407xx -c -I../Core/Inc -I../Drivers/DSP/Inc -I../Drivers/STM32F4xx_HAL_Driver/Inc -I../Drivers/STM32F4xx_HAL_Driver/Inc/Legacy -I../Drivers/CMSIS/Device/ST/STM32F4xx/Include -I../Drivers/CMSIS/Include -O0 -ffunction-sections -fdata-sections -Wall -fstack-usage -MMD -MP -MF"Core/Src/workman.d" -MT"Core/Src/workman.o" --specs=nano.specs -mfpu=fpv4-sp-d16 -mfloat-abi=hard -mthumb -o "Core/Src/workman.o"
../Core/Src/workman.c: In function 'DosomethingTim1':
../Core/Src/workman.c:81:15: warning: passing argument 1 of 'arm_copy_f32' from incompatible pointer type [-Wincompatible-pointer-types]
   81 |  arm_copy_f32(&dataCh1, &bufCh1, 1024);
      |               ^~~~~~~~
      |               |
      |               float (*)[1024]
In file included from ../Core/Inc/main.h:37,
                 from ../Core/Inc/workman.h:4,
                 from ../Core/Src/workman.c:1:
../Drivers/DSP/Inc/arm_math.h:2801:15: note: expected 'float32_t *' {aka 'float *'} but argument is of type 'float (*)[1024]'
 2801 |   float32_t * pSrc,
      |   ~~~~~~~~~~~~^~~~
../Core/Src/workman.c:81:25: warning: passing argument 2 of 'arm_copy_f32' from incompatible pointer type [-Wincompatible-pointer-types]
   81 |  arm_copy_f32(&dataCh1, &bufCh1, 1024);
      |                         ^~~~~~~
      |                         |
      |                         float (*)[1024]
In file included from ../Core/Inc/main.h:37,
                 from ../Core/Inc/workman.h:4,
                 from ../Core/Src/workman.c:1:
../Drivers/DSP/Inc/arm_math.h:2802:15: note: expected 'float32_t *' {aka 'float *'} but argument is of type 'float (*)[1024]'
 2802 |   float32_t * pDst,
      |   ~~~~~~~~~~~~^~~~
../Core/Src/workman.c:82:15: warning: passing argument 1 of 'arm_copy_f32' from incompatible pointer type [-Wincompatible-pointer-types]
   82 |  arm_copy_f32(&dataCh2, &bufCh2, 1024);
      |               ^~~~~~~~
      |               |
      |               float (*)[1024]
In file included from ../Core/Inc/main.h:37,
                 from ../Core/Inc/workman.h:4,
                 from ../Core/Src/workman.c:1:
../Drivers/DSP/Inc/arm_math.h:2801:15: note: expected 'float32_t *' {aka 'float *'} but argument is of type 'float (*)[1024]'
 2801 |   float32_t * pSrc,
      |   ~~~~~~~~~~~~^~~~
../Core/Src/workman.c:82:25: warning: passing argument 2 of 'arm_copy_f32' from incompatible pointer type [-Wincompatible-pointer-types]
   82 |  arm_copy_f32(&dataCh2, &bufCh2, 1024);
      |                         ^~~~~~~
      |                         |
      |                         float (*)[1024]
In file included from ../Core/Inc/main.h:37,
                 from ../Core/Inc/workman.h:4,
                 from ../Core/Src/workman.c:1:
../Drivers/DSP/Inc/arm_math.h:2802:15: note: expected 'float32_t *' {aka 'float *'} but argument is of type 'float (*)[1024]'
 2802 |   float32_t * pDst,
      |   ~~~~~~~~~~~~^~~~
../Core/Src/workman.c:76:15: warning: variable 'phase2' set but not used [-Wunused-but-set-variable]
   76 |  float phase1,phase2;
      |               ^~~~~~
../Core/Src/workman.c:76:8: warning: variable 'phase1' set but not used [-Wunused-but-set-variable]
   76 |  float phase1,phase2;
      |        ^~~~~~
arm-none-eabi-gcc -o "diansai_19_C.elf" @"objects.list"   -mcpu=cortex-m4 -T"G:\CubeProject\diansai_19_C\STM32F407ZGTX_FLASH.ld" --specs=nosys.specs -Wl,-Map="diansai_19_C.map" -Wl,--gc-sections -static --specs=nano.specs -mfpu=fpv4-sp-d16 -mfloat-abi=hard -mthumb -Wl,--start-group -lc -lm -Wl,--end-group
Finished building target: diansai_19_C.elf
 
arm-none-eabi-objdump -h -S  diansai_19_C.elf  > "diansai_19_C.list"
arm-none-eabi-objcopy  -O binary  diansai_19_C.elf  "diansai_19_C.bin"
arm-none-eabi-size   diansai_19_C.elf 
   text	   data	    bss	    dec	    hex	filename
 110764	     84	  10084	 120932	  1d864	diansai_19_C.elf
Finished building: default.size.stdout
Finished building: diansai_19_C.bin
 
 
Finished building: diansai_19_C.list
 
00:19:20 **** Incremental Build of configuration Debug for project diansai_19_C ****
make -j12 all 
arm-none-eabi-gcc "../Core/Src/workman.c" -mcpu=cortex-m4 -std=gnu11 -g3 -DDEBUG '-D__FPU_PRESENT = 1U' -D__TARGET_FPU_VFP -DARM_MATH_CM4 -DUSE_HAL_DRIVER -DSTM32F407xx -c -I../Core/Inc -I../Drivers/DSP/Inc -I../Drivers/STM32F4xx_HAL_Driver/Inc -I../Drivers/STM32F4xx_HAL_Driver/Inc/Legacy -I../Drivers/CMSIS/Device/ST/STM32F4xx/Include -I../Drivers/CMSIS/Include -O0 -ffunction-sections -fdata-sections -Wall -fstack-usage -MMD -MP -MF"Core/Src/workman.d" -MT"Core/Src/workman.o" --specs=nano.specs -mfpu=fpv4-sp-d16 -mfloat-abi=hard -mthumb -o "Core/Src/workman.o"
../Core/Src/workman.c: In function 'DosomethingTim1':
../Core/Src/workman.c:81:15: warning: passing argument 1 of 'arm_copy_f32' from incompatible pointer type [-Wincompatible-pointer-types]
   81 |  arm_copy_f32(&dataCh1, &bufCh1, 1024);
      |               ^~~~~~~~
      |               |
      |               float (*)[1024]
In file included from ../Core/Inc/main.h:37,
                 from ../Core/Inc/workman.h:4,
                 from ../Core/Src/workman.c:1:
../Drivers/DSP/Inc/arm_math.h:2801:15: note: expected 'float32_t *' {aka 'float *'} but argument is of type 'float (*)[1024]'
 2801 |   float32_t * pSrc,
      |   ~~~~~~~~~~~~^~~~
../Core/Src/workman.c:81:25: warning: passing argument 2 of 'arm_copy_f32' from incompatible pointer type [-Wincompatible-pointer-types]
   81 |  arm_copy_f32(&dataCh1, &bufCh1, 1024);
      |                         ^~~~~~~
      |                         |
      |                         float (*)[1024]
In file included from ../Core/Inc/main.h:37,
                 from ../Core/Inc/workman.h:4,
                 from ../Core/Src/workman.c:1:
../Drivers/DSP/Inc/arm_math.h:2802:15: note: expected 'float32_t *' {aka 'float *'} but argument is of type 'float (*)[1024]'
 2802 |   float32_t * pDst,
      |   ~~~~~~~~~~~~^~~~
../Core/Src/workman.c:82:15: warning: passing argument 1 of 'arm_copy_f32' from incompatible pointer type [-Wincompatible-pointer-types]
   82 |  arm_copy_f32(&dataCh2, &bufCh2, 1024);
      |               ^~~~~~~~
      |               |
      |               float (*)[1024]
In file included from ../Core/Inc/main.h:37,
                 from ../Core/Inc/workman.h:4,
                 from ../Core/Src/workman.c:1:
../Drivers/DSP/Inc/arm_math.h:2801:15: note: expected 'float32_t *' {aka 'float *'} but argument is of type 'float (*)[1024]'
 2801 |   float32_t * pSrc,
      |   ~~~~~~~~~~~~^~~~
../Core/Src/workman.c:82:25: warning: passing argument 2 of 'arm_copy_f32' from incompatible pointer type [-Wincompatible-pointer-types]
   82 |  arm_copy_f32(&dataCh2, &bufCh2, 1024);
      |                         ^~~~~~~
      |                         |
      |                         float (*)[1024]
In file included from ../Core/Inc/main.h:37,
                 from ../Core/Inc/workman.h:4,
                 from ../Core/Src/workman.c:1:
../Drivers/DSP/Inc/arm_math.h:2802:15: note: expected 'float32_t *' {aka 'float *'} but argument is of type 'float (*)[1024]'
 2802 |   float32_t * pDst,
      |   ~~~~~~~~~~~~^~~~
../Core/Src/workman.c:76:15: warning: variable 'phase2' set but not used [-Wunused-but-set-variable]
   76 |  float phase1,phase2;
      |               ^~~~~~
../Core/Src/workman.c:76:8: warning: variable 'phase1' set but not used [-Wunused-but-set-variable]
   76 |  float phase1,phase2;
      |        ^~~~~~
arm-none-eabi-gcc -o "diansai_19_C.elf" @"objects.list"   -mcpu=cortex-m4 -T"G:\CubeProject\diansai_19_C\STM32F407ZGTX_FLASH.ld" --specs=nosys.specs -Wl,-Map="diansai_19_C.map" -Wl,--gc-sections -static --specs=nano.specs -mfpu=fpv4-sp-d16 -mfloat-abi=hard -mthumb -Wl,--start-group -lc -lm -Wl,--end-group
Finished building target: diansai_19_C.elf
 
arm-none-eabi-objdump -h -S  diansai_19_C.elf  > "diansai_19_C.list"
arm-none-eabi-objcopy  -O binary  diansai_19_C.elf  "diansai_19_C.bin"
arm-none-eabi-size   diansai_19_C.elf 
   text	   data	    bss	    dec	    hex	filename
 110764	     84	  10084	 120932	  1d864	diansai_19_C.elf
Finished building: default.size.stdout
 
Finished building: diansai_19_C.bin
Finished building: diansai_19_C.list
 
 
00:19:37 **** Incremental Build of configuration Debug for project diansai_19_C ****
make -j12 all 
arm-none-eabi-size   diansai_19_C.elf 
   text	   data	    bss	    dec	    hex	filename
 110764	     84	  10084	 120932	  1d864	diansai_19_C.elf
Finished building: default.size.stdout
 
